
  [2m_______________[0m
  [2m/|             /|[0m      [1mTHE BORG COLLECTIVE[0m
  [2m/ |            / |[0m      [2mresistance is futile[0m
  [2m  |___________|  |[0m
  [2m  |  |        |  |[0m
  [2m  |  |________|__|[0m
  [2m  | /         | /[0m
  [2m  |/          |/[0m

[1m PROJECT              SRC  STATUS       LAST ACTIVE  SUMMARY[0m
──────────────────────────────────────────────────────────────────────────────────────────
*echo                 [C]  [2midle        [0m 5d ago       Echo is pinned.
 bravo                [D]  [1;33mwaiting <<< [0m yesterday    Bravo is waiting.
 charlie              [X]  [0;32mactive      [0m 3h ago       (no summary)
 alpha                [C]  [2midle        [0m 2h ago       Alpha carries a long summary so the fifty characte...

  [0;36mDirectives:[0m 3 pending
    [2m- [alpha] Alpha directive one[0m
    [2m- [alpha] Alpha directive two[0m
    [2m- [bravo] Bravo directive[0m

  [0;32mRecently assimilated:[0m
    [2m- [alpha] Alpha shipped new (2026-02-03)[0m
    [2m- [bravo] Bravo shipped (2026-02-02)[0m
    [2m- [alpha] Alpha shipped old (2026-02-01)[0m

